// Jest Snapshot v1, https://goo.gl/fbAQLP

exports[`validateConfig ensures a docker endpoint exists 1`] = `"a docker endpoint is needed"`;
