// Jest Snapshot v1, https://goo.gl/fbAQLP

exports[`ClusterProbe rejects if cluster probe return status not 200 1`] = `"Cluster probe hookurl returned status code 201"`;
